/etc/init.d/openvpn:rob@mars.org
/etc/init.d/openvpn:agi@inittab.org
/etc/init.d/openvpn:mueller@teamix.net
/etc/init.d/uuidd:tytso@mit.edu
/etc/init.d/apparmor:beattie@canonical.com
/etc/init.d/apparmor:kees@ubuntu.com
/etc/init.d/dbus:walters@debian.org
/etc/init.d/dbus:sjoerd@debian.org
/etc/init.d/kerneloops:bigon@debian.org
/etc/init.d/bluetooth:ejad@debian.org
/etc/init.d/bluetooth:filippo@debian.org
/etc/init.d/bluetooth:iwamatsu@debian.org
/etc/init.d/gdm3:rmurray@debian.org
/etc/init.d/cups:printing@lists.debian
/etc/grub.d/05_debian_theme:alex@googlemail.com
/etc/wpa_supplicant/action_wpa.sh:kel@otaku42.de
/etc/wpa_supplicant/functions.sh:devel@lists.alioth
/etc/wpa_supplicant/ifupdown.sh:devel@lists.alioth
/etc/speech-dispatcher/speechd.conf:ruiandrebatista@gmail.com
/etc/speech-dispatcher/speechd.conf:Kholodnyi@gmail.com
/etc/speech-dispatcher/speechd.conf:hubbs@gmail.com
/etc/speech-dispatcher/speechd.conf:saunders@gmail.com
/etc/speech-dispatcher/speechd.conf:jmccann@redhat.com
/etc/speech-dispatcher/speechd.conf:fudge@thefudge.net
/etc/speech-dispatcher/speechd.conf:themuso@ubuntu.com
/etc/speech-dispatcher/speechd.conf:hussainmkj@gmail.com
/etc/speech-dispatcher/speechd.conf:cwendling@hypra.fr
/etc/speech-dispatcher/speechd.conf:rpoitevin@hypra.fr
/etc/speech-dispatcher/speechd.conf:email@example.com
/etc/speech-dispatcher/modules/festival.conf:gcasse@oralux.org
/etc/speech-dispatcher/modules/espeak.conf:listaddr1@gmx.net
/etc/speech-dispatcher/modules/espeak.conf:gcasse@oralux.org
/etc/speech-dispatcher/modules/espeak.conf:ruiandrebatista@gmail.com
/etc/speech-dispatcher/modules/espeak.conf:themuso@themuso.com
/etc/speech-dispatcher/modules/espeak-ng-mbrola.conf:listaddr1@gmx.net
/etc/speech-dispatcher/modules/espeak-ng-mbrola.conf:gcasse@oralux.org
/etc/speech-dispatcher/modules/espeak-ng-mbrola.conf:ruiandrebatista@gmail.com
/etc/speech-dispatcher/modules/espeak-ng-mbrola.conf:themuso@themuso.com
/etc/speech-dispatcher/modules/cicero.conf:obert01@mistigri.org
/etc/speech-dispatcher/modules/espeak-ng-mbrola-generic.conf:themuso@ubuntu.com
/etc/speech-dispatcher/modules/espeak-ng-mbrola-generic.conf:didier@slint.fr
/etc/speech-dispatcher/modules/mary-generic.conf:email@example.com
/etc/speech-dispatcher/modules/espeak-mbrola-generic.conf:themuso@ubuntu.com
/etc/speech-dispatcher/modules/espeak-mbrola-generic.conf:didier@slint.fr
/etc/speech-dispatcher/modules/dtk-generic.conf:speechd@freebsoft.org
/etc/speech-dispatcher/modules/mimic3-generic.conf:email@example.com
/etc/speech-dispatcher/modules/espeak-ng.conf:listaddr1@gmx.net
/etc/speech-dispatcher/modules/espeak-ng.conf:gcasse@oralux.org
/etc/speech-dispatcher/modules/espeak-ng.conf:ruiandrebatista@gmail.com
/etc/speech-dispatcher/modules/espeak-ng.conf:themuso@themuso.com
/etc/selinux/semanage.conf:jtang@tresys.com
/etc/cloud/templates/chrony.conf.freebsd.tmpl:wibble@foo.example
/etc/e2scrub.conf:e2scrub@host.domain
/etc/brltty/Input/al/bc-etouch.kti:dave@mielke.cc
/etc/brltty/Input/al/bc-thumb.kti:dave@mielke.cc
/etc/brltty/Input/al/voyager.ktb:dave@mielke.cc
/etc/brltty/Input/al/el.ktb:dave@mielke.cc
/etc/brltty/Input/al/abt_large.ktb:dave@mielke.cc
/etc/brltty/Input/al/bc-smartpad.kti:dave@mielke.cc
/etc/brltty/Input/al/abt_extra.kti:dave@mielke.cc
/etc/brltty/Input/al/abt_small.ktb:dave@mielke.cc
/etc/brltty/Input/al/abt_basic.kti:dave@mielke.cc
/etc/brltty/Input/al/sat_tumblers.kti:dave@mielke.cc
/etc/brltty/Input/al/sat_speech.kti:dave@mielke.cc
/etc/brltty/Input/al/sat_large.ktb:dave@mielke.cc
/etc/brltty/Input/al/bc680.ktb:dave@mielke.cc
/etc/brltty/Input/al/sat_small.ktb:dave@mielke.cc
/etc/brltty/Input/al/bc640.ktb:dave@mielke.cc
/etc/brltty/Input/al/sat_common.kti:dave@mielke.cc
/etc/brltty/Input/al/bc.kti:dave@mielke.cc
/etc/brltty/Input/al/sat_nav.kti:dave@mielke.cc
/etc/brltty/Input/mt/bd1_6.ktb:dave@mielke.cc
/etc/brltty/Input/mt/bd1_6.kti:dave@mielke.cc
/etc/brltty/Input/mt/bd1_6s.ktb:dave@mielke.cc
/etc/brltty/Input/mt/bd1_3s.ktb:dave@mielke.cc
/etc/brltty/Input/mt/status.kti:dave@mielke.cc
/etc/brltty/Input/mt/bd1_3.ktb:dave@mielke.cc
/etc/brltty/Input/mt/bd2.ktb:dave@mielke.cc
/etc/brltty/Input/mt/bd1_3.kti:dave@mielke.cc
/etc/brltty/Input/pm/elb_tr_20.ktb:dave@mielke.cc
/etc/brltty/Input/pm/el66s.ktb:dave@mielke.cc
/etc/brltty/Input/pm/ib_80.ktb:dave@mielke.cc
/etc/brltty/Input/pm/status22.kti:dave@mielke.cc
/etc/brltty/Input/pm/status2.kti:dave@mielke.cc
/etc/brltty/Input/pm/front9.kti:dave@mielke.cc
/etc/brltty/Input/pm/el_80.ktb:dave@mielke.cc
/etc/brltty/Input/pm/keys.kti:dave@mielke.cc
/etc/brltty/Input/pm/front13.kti:dave@mielke.cc
/etc/brltty/Input/pm/el40c.ktb:dave@mielke.cc
/etc/brltty/Input/pm/elb_tr_32.ktb:dave@mielke.cc
/etc/brltty/Input/pm/c.ktb:dave@mielke.cc
/etc/brltty/Input/pm/el2d_80s.ktb:dave@mielke.cc
/etc/brltty/Input/pm/routing.kti:dave@mielke.cc
/etc/brltty/Input/pm/status0.kti:dave@mielke.cc
/etc/brltty/Input/pm/el_40_p.ktb:dave@mielke.cc
/etc/brltty/Input/pm/status13.kti:dave@mielke.cc
/etc/brltty/Input/pm/c_486.ktb:dave@mielke.cc
/etc/brltty/Input/pm/live.ktb:dave@mielke.cc
/etc/brltty/Input/pm/elba_20.ktb:dave@mielke.cc
/etc/brltty/Input/pm/el80_ii.ktb:dave@mielke.cc
/etc/brltty/Input/pm/switches.kti:dave@mielke.cc
/etc/brltty/Input/pm/el80c.ktb:dave@mielke.cc
/etc/brltty/Input/pm/el60c.ktb:dave@mielke.cc
/etc/brltty/Input/pm/keyboard.kti:dave@mielke.cc
/etc/brltty/Input/pm/2d_l.ktb:dave@mielke.cc
/etc/brltty/Input/pm/el80s.ktb:dave@mielke.cc
/etc/brltty/Input/pm/el_2d_80.ktb:dave@mielke.cc
/etc/brltty/Input/pm/el70s.ktb:dave@mielke.cc
/etc/brltty/Input/pm/bar.kti:dave@mielke.cc
/etc/brltty/Input/pm/trio.ktb:dave@mielke.cc
/etc/brltty/Input/pm/el_2d_66.ktb:dave@mielke.cc
/etc/brltty/Input/pm/elba_32.ktb:dave@mielke.cc
/etc/brltty/Input/pm/2d_s.ktb:dave@mielke.cc
/etc/brltty/Input/pm/status20.kti:dave@mielke.cc
/etc/brltty/Input/pm/el_2d_40.ktb:dave@mielke.cc
/etc/brltty/Input/pm/el40s.ktb:dave@mielke.cc
/etc/brltty/Input/pm/status4.kti:dave@mielke.cc
/etc/brltty/Input/np/all.ktb:dave@mielke.cc
/etc/brltty/Input/bg/all.ktb:dave@mielke.cc
/etc/brltty/Input/menu.kti:dave@mielke.cc
/etc/brltty/Input/md/fkeys.kti:dave@mielke.cc
/etc/brltty/Input/md/default.ktb:dave@mielke.cc
/etc/brltty/Input/md/fk.ktb:dave@mielke.cc
/etc/brltty/Input/md/common.kti:dave@mielke.cc
/etc/brltty/Input/md/keyboard.kti:dave@mielke.cc
/etc/brltty/Input/md/kbd.ktb:dave@mielke.cc
/etc/brltty/Input/md/status.kti:dave@mielke.cc
/etc/brltty/Input/md/fk_s.ktb:dave@mielke.cc
/etc/brltty/Input/mm/common.kti:dave@mielke.cc
/etc/brltty/Input/mm/pocket.ktb:dave@mielke.cc
/etc/brltty/Input/mm/smart.ktb:dave@mielke.cc
/etc/brltty/Input/fa/all.ktb:dave@mielke.cc
/etc/brltty/Input/hw/thumb_legacy.kti:dave@mielke.cc
/etc/brltty/Input/hw/BI40.ktb:dave@mielke.cc
/etc/brltty/Input/hw/joystick.kti:dave@mielke.cc
/etc/brltty/Input/hw/thumb.kti:dave@mielke.cc
/etc/brltty/Input/hw/routing.kti:dave@mielke.cc
/etc/brltty/Input/hw/BI20X.ktb:dave@mielke.cc
/etc/brltty/Input/hw/touch.ktb:dave@mielke.cc
/etc/brltty/Input/hw/one.ktb:dave@mielke.cc
/etc/brltty/Input/hw/BI14.ktb:dave@mielke.cc
/etc/brltty/Input/hw/M40.ktb:dave@mielke.cc
/etc/brltty/Input/hw/BI32.ktb:dave@mielke.cc
/etc/brltty/Input/hw/NLS.ktb:dave@mielke.cc
/etc/brltty/Input/hw/BI40X.ktb:dave@mielke.cc
/etc/brltty/Input/hw/braille.kti:dave@mielke.cc
/etc/brltty/Input/hw/C20.ktb:dave@mielke.cc
/etc/brltty/Input/hw/B80.ktb:dave@mielke.cc
/etc/brltty/Input/hw/command.kti:dave@mielke.cc
/etc/brltty/Input/bm/navpad.kti:dave@mielke.cc
/etc/brltty/Input/bm/d6.kti:dave@mielke.cc
/etc/brltty/Input/bm/display6.kti:dave@mielke.cc
/etc/brltty/Input/bm/vk.ktb:dave@mielke.cc
/etc/brltty/Input/bm/routing6.kti:dave@mielke.cc
/etc/brltty/Input/bm/orbit.ktb:dave@mielke.cc
/etc/brltty/Input/bm/joystick.kti:dave@mielke.cc
/etc/brltty/Input/bm/ultra.ktb:dave@mielke.cc
/etc/brltty/Input/bm/front6.kti:dave@mielke.cc
/etc/brltty/Input/bm/pv.ktb:dave@mielke.cc
/etc/brltty/Input/bm/NLS_Zoomax.ktb:dave@mielke.cc
/etc/brltty/Input/bm/emulate6.kti:dave@mielke.cc
/etc/brltty/Input/bm/front10.kti:dave@mielke.cc
/etc/brltty/Input/bm/conny.ktb:dave@mielke.cc
/etc/brltty/Input/bm/routing.kti:dave@mielke.cc
/etc/brltty/Input/bm/default.ktb:dave@mielke.cc
/etc/brltty/Input/bm/wheels.kti:dave@mielke.cc
/etc/brltty/Input/bm/sv.ktb:dave@mielke.cc
/etc/brltty/Input/bm/rb.ktb:dave@mielke.cc
/etc/brltty/Input/bm/b9b11b10.kti:dave@mielke.cc
/etc/brltty/Input/bm/display7.kti:dave@mielke.cc
/etc/brltty/Input/bm/horizontal.kti:dave@mielke.cc
/etc/brltty/Input/bm/keyboard.kti:dave@mielke.cc
/etc/brltty/Input/bm/dm80p.ktb:dave@mielke.cc
/etc/brltty/Input/bm/v80.ktb:dave@mielke.cc
/etc/brltty/Input/bm/v40.ktb:dave@mielke.cc
/etc/brltty/Input/bm/b9b10.kti:dave@mielke.cc
/etc/brltty/Input/bm/pronto.ktb:dave@mielke.cc
/etc/brltty/Input/bm/vertical.kti:dave@mielke.cc
/etc/brltty/Input/bm/status.kti:dave@mielke.cc
/etc/brltty/Input/bm/routing7.kti:dave@mielke.cc
/etc/brltty/Input/bm/b2g.ktb:dave@mielke.cc
/etc/brltty/Input/bm/inka.ktb:dave@mielke.cc
/etc/brltty/Input/bm/pro.ktb:dave@mielke.cc
/etc/brltty/Input/bm/connect.ktb:dave@mielke.cc
/etc/brltty/Input/bm/command.kti:dave@mielke.cc
/etc/brltty/Input/hm/scroll.ktb:dave@mielke.cc
/etc/brltty/Input/hm/contexts.kti:dave@mielke.cc
/etc/brltty/Input/hm/letters.kti:dave@mielke.cc
/etc/brltty/Input/hm/qwerty.kti:dave@mielke.cc
/etc/brltty/Input/hm/sync.ktb:dave@mielke.cc
/etc/brltty/Input/hm/scroll.kti:dave@mielke.cc
/etc/brltty/Input/hm/left.kti:dave@mielke.cc
/etc/brltty/Input/hm/beetle.ktb:dave@mielke.cc
/etc/brltty/Input/hm/edge.ktb:dave@mielke.cc
/etc/brltty/Input/hm/qwerty.ktb:dave@mielke.cc
/etc/brltty/Input/hm/pan.ktb:dave@mielke.cc
/etc/brltty/Input/hm/right.kti:dave@mielke.cc
/etc/brltty/Input/hm/f18.kti:dave@mielke.cc
/etc/brltty/Input/hm/pan.kti:dave@mielke.cc
/etc/brltty/Input/hm/fnkey.kti:dave@mielke.cc
/etc/brltty/Input/hm/common.kti:dave@mielke.cc
/etc/brltty/Input/hm/braille.kti:dave@mielke.cc
/etc/brltty/Input/hm/f14.kti:dave@mielke.cc
/etc/brltty/Input/ht/ac4.ktb:dave@mielke.cc
/etc/brltty/Input/ht/wave.ktb:dave@mielke.cc
/etc/brltty/Input/ht/bbp.ktb:dave@mielke.cc
/etc/brltty/Input/ht/keypad.kti:dave@mielke.cc
/etc/brltty/Input/ht/me.kti:dave@mielke.cc
/etc/brltty/Input/ht/joystick.kti:dave@mielke.cc
/etc/brltty/Input/ht/brln.ktb:dave@mielke.cc
/etc/brltty/Input/ht/ab.ktb:dave@mielke.cc
/etc/brltty/Input/ht/bs40.ktb:dave@mielke.cc
/etc/brltty/Input/ht/ab.kti:dave@mielke.cc
/etc/brltty/Input/ht/mdlr.ktb:dave@mielke.cc
/etc/brltty/Input/ht/as40.ktb:dave@mielke.cc
/etc/brltty/Input/ht/me64.ktb:dave@mielke.cc
/etc/brltty/Input/ht/ab_s.ktb:dave@mielke.cc
/etc/brltty/Input/ht/dots.kti:dave@mielke.cc
/etc/brltty/Input/ht/rockers.kti:dave@mielke.cc
/etc/brltty/Input/ht/alo.ktb:dave@mielke.cc
/etc/brltty/Input/ht/bs.kti:dave@mielke.cc
/etc/brltty/Input/ht/bb.ktb:dave@mielke.cc
/etc/brltty/Input/ht/mc88.ktb:dave@mielke.cc
/etc/brltty/Input/ht/cb40.ktb:dave@mielke.cc
/etc/brltty/Input/ht/bkwm.ktb:dave@mielke.cc
/etc/brltty/Input/ht/input.kti:dave@mielke.cc
/etc/brltty/Input/ht/me88.ktb:dave@mielke.cc
/etc/brltty/Input/ht/easy.ktb:dave@mielke.cc
/etc/brltty/Input/ht/bs80.ktb:dave@mielke.cc
/etc/brltty/Input/nav.kti:dave@mielke.cc
/etc/brltty/Input/toggle.kti:dave@mielke.cc
/etc/brltty/Input/cn/all.ktb:dave@mielke.cc
/etc/brltty/Input/vo/all.kti:dave@mielke.cc
/etc/brltty/Input/vo/bp.ktb:dave@mielke.cc
/etc/brltty/Input/vo/all.ktb:dave@mielke.cc
/etc/brltty/Input/chords.kti:dave@mielke.cc
/etc/brltty/Input/bn/input.kti:dave@mielke.cc
/etc/brltty/Input/bn/all.ktb:dave@mielke.cc
/etc/brltty/Input/ir/brl.ktb:dave@mielke.cc
/etc/brltty/Input/ir/all.kti:dave@mielke.cc
/etc/brltty/Input/ir/pc.ktb:dave@mielke.cc
/etc/brltty/Input/pg/all.ktb:dave@mielke.cc
/etc/brltty/Input/speech.kti:dave@mielke.cc
/etc/brltty/Input/at/all.ktb:dave@mielke.cc
/etc/brltty/Input/ic/toggle.kti:dave@mielke.cc
/etc/brltty/Input/ic/route.kti:dave@mielke.cc
/etc/brltty/Input/ic/chords.kti:dave@mielke.cc
/etc/brltty/Input/ic/nvda.ktb:dave@mielke.cc
/etc/brltty/Input/ic/common.kti:dave@mielke.cc
/etc/brltty/Input/ic/bb.ktb:dave@mielke.cc
/etc/brltty/Input/hd/pfl.ktb:dave@mielke.cc
/etc/brltty/Input/hd/mbl.ktb:dave@mielke.cc
/etc/brltty/Input/sk/ntk.ktb:dave@mielke.cc
/etc/brltty/Input/sk/bdp.ktb:dave@mielke.cc
/etc/brltty/Input/fs/focus.kti:dave@mielke.cc
/etc/brltty/Input/fs/focus14.ktb:dave@mielke.cc
/etc/brltty/Input/fs/bumpers.kti:dave@mielke.cc
/etc/brltty/Input/fs/rockers.kti:dave@mielke.cc
/etc/brltty/Input/fs/focus40.ktb:dave@mielke.cc
/etc/brltty/Input/fs/pacmate.ktb:dave@mielke.cc
/etc/brltty/Input/fs/common.kti:dave@mielke.cc
/etc/brltty/Input/fs/focus80.ktb:dave@mielke.cc
/etc/brltty/Input/fs/speech.kti:dave@mielke.cc
/etc/brltty/Input/fs/keyboard.kti:dave@mielke.cc
/etc/brltty/Input/fs/focus1.ktb:dave@mielke.cc
/etc/brltty/Input/ts/nav_small.kti:dave@mielke.cc
/etc/brltty/Input/ts/pb40.ktb:dave@mielke.cc
/etc/brltty/Input/ts/nav_large.kti:dave@mielke.cc
/etc/brltty/Input/ts/pb_large.kti:dave@mielke.cc
/etc/brltty/Input/ts/nav.kti:dave@mielke.cc
/etc/brltty/Input/ts/routing.kti:dave@mielke.cc
/etc/brltty/Input/ts/pb80.ktb:dave@mielke.cc
/etc/brltty/Input/ts/nav40.ktb:dave@mielke.cc
/etc/brltty/Input/ts/pb_small.kti:dave@mielke.cc
/etc/brltty/Input/ts/nav20.ktb:dave@mielke.cc
/etc/brltty/Input/ts/pb.kti:dave@mielke.cc
/etc/brltty/Input/ts/nav80.ktb:dave@mielke.cc
/etc/brltty/Input/ts/pb65.ktb:dave@mielke.cc
/etc/brltty/Input/android-chords.kti:dave@mielke.cc
/etc/brltty/Input/bp/all.kti:dave@mielke.cc
/etc/brltty/Input/eu/esys_large.ktb:dave@mielke.cc
/etc/brltty/Input/eu/all.txt:yan@mistigri.org
/etc/brltty/Input/eu/routing.kti:dave@mielke.cc
/etc/brltty/Input/eu/iris.ktb:dave@mielke.cc
/etc/brltty/Input/eu/esys_small.ktb:dave@mielke.cc
/etc/brltty/Input/eu/esys_medium.ktb:dave@mielke.cc
/etc/brltty/Input/eu/joysticks.kti:dave@mielke.cc
/etc/brltty/Input/eu/common.kti:dave@mielke.cc
/etc/brltty/Input/eu/braille.kti:dave@mielke.cc
/etc/brltty/Input/eu/clio.ktb:dave@mielke.cc
/etc/brltty/Input/eu/esytime.ktb:dave@mielke.cc
/etc/brltty/Input/eu/sw56.kti:dave@mielke.cc
/etc/brltty/Input/eu/sw34.kti:dave@mielke.cc
/etc/brltty/Input/eu/sw12.kti:dave@mielke.cc
/etc/brltty/Input/ce/novem.ktb:dave@mielke.cc
/etc/brltty/Input/ce/all.ktb:dave@mielke.cc
/etc/brltty/Input/cb/all.ktb:dave@mielke.cc
/etc/brltty/Text/fr.ttb:dave@mielke.cc
/etc/brltty/Text/sv.ttb:dave@mielke.cc
/etc/brltty/Text/sl.ttb:dave@mielke.cc
/etc/brltty/Text/sl.ttb:sable@users.sourceforge
/etc/brltty/Text/nwc.ttb:dave@mielke.cc
/etc/brltty/Text/ltr-tibetan.tti:dave@mielke.cc
/etc/brltty/Text/bh.ttb:dave@mielke.cc
/etc/brltty/Text/no.ttb:dave@mielke.cc
/etc/brltty/Text/en_US.ttb:dave@mielke.cc
/etc/brltty/Text/he.ttb:dave@mielke.cc
/etc/brltty/Text/he.ttb:adikushnir@gmail.com
/etc/brltty/Text/malayalam.tti:dave@mielke.cc
/etc/brltty/Text/malayalam.tti:director@chpi.org
/etc/brltty/Text/malayalam.tti:Ungier@ViewPlus.com
/etc/brltty/Text/malayalam.tti:mramadan@nattiq.com
/etc/brltty/Text/punc-tibetan.tti:dave@mielke.cc
/etc/brltty/Text/da-1252.ttb:dave@mielke.cc
/etc/brltty/Text/it.ttb:dave@mielke.cc
/etc/brltty/Text/sa.ttb:dave@mielke.cc
/etc/brltty/Text/ml.ttb:dave@mielke.cc
/etc/brltty/Text/en-na-ascii.tti:dave@mielke.cc
/etc/brltty/Text/uk.ttb:dave@mielke.cc
/etc/brltty/Text/uk.ttb:vtsaran@gmail.com
/etc/brltty/Text/mg.ttb:dave@mielke.cc
/etc/brltty/Text/hr.ttb:dave@mielke.cc
/etc/brltty/Text/hr.ttb:sable@users.sourceforge
/etc/brltty/Text/de-chess.tti:dave@mielke.cc
/etc/brltty/Text/fr-2007.ttb:dave@mielke.cc
/etc/brltty/Text/fr-vs.ttb:dave@mielke.cc
/etc/brltty/Text/num-nemeth.tti:dave@mielke.cc
/etc/brltty/Text/nl.ttb:dave@mielke.cc
/etc/brltty/Text/en-nabcc.ttb:dave@mielke.cc
/etc/brltty/Text/pl.ttb:dave@mielke.cc
/etc/brltty/Text/gon.ttb:dave@mielke.cc
/etc/brltty/Text/oriya.tti:dave@mielke.cc
/etc/brltty/Text/oriya.tti:director@chpi.org
/etc/brltty/Text/oriya.tti:Ungier@ViewPlus.com
/etc/brltty/Text/oriya.tti:mramadan@nattiq.com
/etc/brltty/Text/hi.ttb:dave@mielke.cc
/etc/brltty/Text/num-french.tti:dave@mielke.cc
/etc/brltty/Text/cy.ttb:dave@mielke.cc
/etc/brltty/Text/cy.ttb:director@chpi.org
/etc/brltty/Text/cy.ttb:Ungier@ViewPlus.com
/etc/brltty/Text/cy.ttb:mramadan@nattiq.com
/etc/brltty/Text/eo.ttb:dave@mielke.cc
/etc/brltty/Text/eo.ttb:muzeo@wanadoo.fr
/etc/brltty/Text/sv-1989.ttb:dave@mielke.cc
/etc/brltty/Text/no-oup.ttb:dave@mielke.cc
/etc/brltty/Text/mt.ttb:dave@mielke.cc
/etc/brltty/Text/fr_CA.ttb:dave@mielke.cc
/etc/brltty/Text/is.ttb:dave@mielke.cc
/etc/brltty/Text/is.ttb:birkir@midstod.is
/etc/brltty/Text/fi.ttb:dave@mielke.cc
/etc/brltty/Text/ltr-dot8.tti:dave@mielke.cc
/etc/brltty/Text/mwr.ttb:dave@mielke.cc
/etc/brltty/Text/en-chess.tti:dave@mielke.cc
/etc/brltty/Text/pi.ttb:dave@mielke.cc
/etc/brltty/Text/tr.ttb:dave@mielke.cc
/etc/brltty/Text/gurmukhi.tti:dave@mielke.cc
/etc/brltty/Text/gurmukhi.tti:director@chpi.org
/etc/brltty/Text/gurmukhi.tti:Ungier@ViewPlus.com
/etc/brltty/Text/gurmukhi.tti:mramadan@nattiq.com
/etc/brltty/Text/ltr-latin.tti:dave@mielke.cc
/etc/brltty/Text/bo.ttb:dave@mielke.cc
/etc/brltty/Text/new.ttb:dave@mielke.cc
/etc/brltty/Text/alias.tti:dave@mielke.cc
/etc/brltty/Text/da.ttb:dave@mielke.cc
/etc/brltty/Text/blocks.tti:dave@mielke.cc
/etc/brltty/Text/ltr-alias.tti:dave@mielke.cc
/etc/brltty/Text/en.ttb:dave@mielke.cc
/etc/brltty/Text/en_GB.ttb:dave@mielke.cc
/etc/brltty/Text/ctl-latin.tti:dave@mielke.cc
/etc/brltty/Text/bengali.tti:dave@mielke.cc
/etc/brltty/Text/bengali.tti:director@chpi.org
/etc/brltty/Text/bengali.tti:Ungier@ViewPlus.com
/etc/brltty/Text/bengali.tti:mramadan@nattiq.com
/etc/brltty/Text/et.ttb:dave@mielke.cc
/etc/brltty/Text/sat.ttb:dave@mielke.cc
/etc/brltty/Text/ru.ttb:dave@mielke.cc
/etc/brltty/Text/ru.ttb:chlor@schou.dk
/etc/brltty/Text/ru.ttb:dave@mielke.cc
/etc/brltty/Text/ru.ttb:andrewia2002@yandex.ru
/etc/brltty/Text/lv.ttb:dave@mielke.cc
/etc/brltty/Text/lv.ttb:Ungier@ViewPlus.com
/etc/brltty/Text/dra.ttb:dave@mielke.cc
/etc/brltty/Text/punc-alternate.tti:dave@mielke.cc
/etc/brltty/Text/common.tti:dave@mielke.cc
/etc/brltty/Text/ar.ttb:dave@mielke.cc
/etc/brltty/Text/ar.ttb:Dave@Mielke.cc
/etc/brltty/Text/ar.ttb:Ikrami@blind.gov
/etc/brltty/Text/es.ttb:dave@mielke.cc
/etc/brltty/Text/nl_BE.ttb:dave@mielke.cc
/etc/brltty/Text/nl_BE.ttb:Ungier@ViewPlus.com
/etc/brltty/Text/sw.ttb:dave@mielke.cc
/etc/brltty/Text/mi.ttb:dave@mielke.cc
/etc/brltty/Text/brf.ttb:dave@mielke.cc
/etc/brltty/Text/ta.ttb:dave@mielke.cc
/etc/brltty/Text/lt.ttb:dave@mielke.cc
/etc/brltty/Text/lt.ttb:rq@akl.lt
/etc/brltty/Text/fr-cbifs.ttb:dave@mielke.cc
/etc/brltty/Text/gu.ttb:dave@mielke.cc
/etc/brltty/Text/kannada.tti:dave@mielke.cc
/etc/brltty/Text/kannada.tti:director@chpi.org
/etc/brltty/Text/kannada.tti:Ungier@ViewPlus.com
/etc/brltty/Text/kannada.tti:mramadan@nattiq.com
/etc/brltty/Text/kok.ttb:dave@mielke.cc
/etc/brltty/Text/sd.ttb:dave@mielke.cc
/etc/brltty/Text/win-1252.tti:dave@mielke.cc
/etc/brltty/Text/win-1252.tti:dave@mielke.cc
/etc/brltty/Text/se.ttb:dave@mielke.cc
/etc/brltty/Text/se.ttb:mardsjo@icap.nu
/etc/brltty/Text/pt.ttb:dave@mielke.cc
/etc/brltty/Text/mr.ttb:dave@mielke.cc
/etc/brltty/Text/kha.ttb:dave@mielke.cc
/etc/brltty/Text/tamil.tti:dave@mielke.cc
/etc/brltty/Text/tamil.tti:director@chpi.org
/etc/brltty/Text/tamil.tti:Ungier@ViewPlus.com
/etc/brltty/Text/tamil.tti:mramadan@nattiq.com
/etc/brltty/Text/ascii-basic.tti:dave@mielke.cc
/etc/brltty/Text/sk.ttb:dave@mielke.cc
/etc/brltty/Text/sk.ttb:sivill@viewplus.com
/etc/brltty/Text/sk.ttb:dave@mielke.cc
/etc/brltty/Text/sk.ttb:buchal@brailcom.org
/etc/brltty/Text/num-nemd8.tti:dave@mielke.cc
/etc/brltty/Text/ro.ttb:dave@mielke.cc
/etc/brltty/Text/greek.tti:dave@mielke.cc
/etc/brltty/Text/greek.tti:dave@mielke.cc
/etc/brltty/Text/fr_FR.ttb:dave@mielke.cc
/etc/brltty/Text/num-dot6.tti:dave@mielke.cc
/etc/brltty/Text/mun.ttb:dave@mielke.cc
/etc/brltty/Text/punc-basic.tti:dave@mielke.cc
/etc/brltty/Text/vi.ttb:dave@mielke.cc
/etc/brltty/Text/ga.ttb:dave@mielke.cc
/etc/brltty/Text/nl_NL.ttb:dave@mielke.cc
/etc/brltty/Text/nl_NL.ttb:Ungier@ViewPlus.com
/etc/brltty/Text/mni.ttb:dave@mielke.cc
/etc/brltty/Text/gujarati.tti:dave@mielke.cc
/etc/brltty/Text/gujarati.tti:director@chpi.org
/etc/brltty/Text/gujarati.tti:Ungier@ViewPlus.com
/etc/brltty/Text/gujarati.tti:mramadan@nattiq.com
/etc/brltty/Text/bg.ttb:dave@mielke.cc
/etc/brltty/Text/bra.ttb:dave@mielke.cc
/etc/brltty/Text/as.ttb:dave@mielke.cc
/etc/brltty/Text/gd.ttb:dave@mielke.cc
/etc/brltty/Text/en_CA.ttb:dave@mielke.cc
/etc/brltty/Text/en_CA.ttb:dave@mielke.cc
/etc/brltty/Text/hy.ttb:dave@mielke.cc
/etc/brltty/Text/pa.ttb:dave@mielke.cc
/etc/brltty/Text/kn.ttb:dave@mielke.cc
/etc/brltty/Text/no-generic.ttb:dave@mielke.cc
/etc/brltty/Text/el.ttb:dave@mielke.cc
/etc/brltty/Text/el.ttb:Ungier@ViewPlus.com
/etc/brltty/Text/num-alias.tti:dave@mielke.cc
/etc/brltty/Text/bn.ttb:dave@mielke.cc
/etc/brltty/Text/devanagari.tti:dave@mielke.cc
/etc/brltty/Text/devanagari.tti:director@chpi.org
/etc/brltty/Text/devanagari.tti:Ungier@ViewPlus.com
/etc/brltty/Text/devanagari.tti:mramadan@nattiq.com
/etc/brltty/Text/sv-1996.ttb:dave@mielke.cc
/etc/brltty/Text/ltr-cyrillic.tti:dave@mielke.cc
/etc/brltty/Text/cs.ttb:dave@mielke.cc
/etc/brltty/Text/kru.ttb:dave@mielke.cc
/etc/brltty/Text/boxes.tti:dave@mielke.cc
/etc/brltty/Text/or.ttb:dave@mielke.cc
/etc/brltty/Text/hu.ttb:dave@mielke.cc
/etc/brltty/Text/hu.ttb:zsolt@infoalap.hu
/etc/brltty/Text/telugu.tti:dave@mielke.cc
/etc/brltty/Text/telugu.tti:director@chpi.org
/etc/brltty/Text/telugu.tti:Ungier@ViewPlus.com
/etc/brltty/Text/telugu.tti:mramadan@nattiq.com
/etc/brltty/Text/awa.ttb:dave@mielke.cc
/etc/brltty/Text/de.ttb:dave@mielke.cc
/etc/brltty/Text/te.ttb:dave@mielke.cc
/etc/brltty/Text/num-dot8.tti:dave@mielke.cc
/etc/brltty/Text/da-lt.ttb:dave@mielke.cc
/etc/brltty/Text/ne.ttb:dave@mielke.cc
/etc/brltty/Contraction/ja.ctb:dave@mielke.cc
/etc/brltty/Contraction/ja.ctb:billh@gnome.org
/etc/brltty/Contraction/lt.ctb:dave@mielke.cc
/etc/brltty/Contraction/lt.ctb:rq@akl.lt
/etc/brltty/Contraction/lt.ctb:matus@gmail.com
/etc/brltty/Contraction/de.ctb:dave@mielke.cc
/etc/brltty/Contraction/de-2015.ctb:dave@mielke.cc
/etc/brltty/Contraction/de-2015.ctb:mlang@delysid.org
/etc/brltty/Contraction/fr-g1.ctb:dave@mielke.cc
/etc/brltty/Contraction/fr-g1.ctb:nico@fluxnic.net
/etc/brltty/Contraction/de-wort.cti:dave@mielke.cc
/etc/brltty/Contraction/ru.ctb:dave@mielke.cc
/etc/brltty/Contraction/ru.ctb:musicate@yandex.ru
/etc/brltty/Contraction/zh-tw.ctb:dave@mielke.cc
/etc/brltty/Contraction/en.ctb:dave@mielke.cc
/etc/brltty/Contraction/nl.ctb:dave@mielke.cc
/etc/brltty/Contraction/ko-g2.ctb:dave@mielke.cc
/etc/brltty/Contraction/fr.ctb:dave@mielke.cc
/etc/brltty/Contraction/am.ctb:dave@mielke.cc
/etc/brltty/Contraction/si.ctb:dave@mielke.cc
/etc/brltty/Contraction/de-g0.ctb:dave@mielke.cc
/etc/brltty/Contraction/de-g0.ctb:mlang@delysid.org
/etc/brltty/Contraction/zu.ctb:dave@mielke.cc
/etc/brltty/Contraction/pt.ctb:dave@mielke.cc
/etc/brltty/Contraction/ko-g1.ctb:dave@mielke.cc
/etc/brltty/Contraction/spaces.cti:dave@mielke.cc
/etc/brltty/Contraction/nabcc.cti:dave@mielke.cc
/etc/brltty/Contraction/mun.ctb:dave@mielke.cc
/etc/brltty/Contraction/de-1998.ctb:dave@mielke.cc
/etc/brltty/Contraction/de-1998.ctb:mlang@delysid.org
/etc/brltty/Contraction/zh_TW.ctb:dave@mielke.cc
/etc/brltty/Contraction/zh_TW.ctb:coscell@gmail.com
/etc/brltty/Contraction/fr-g2.ctb:dave@mielke.cc
/etc/brltty/Contraction/fr-g2.ctb:nico@fluxnic.net
/etc/brltty/Contraction/es.ctb:dave@mielke.cc
/etc/brltty/Contraction/en_US.ctb:dave@mielke.cc
/etc/brltty/Contraction/de-g1.ctb:dave@mielke.cc
/etc/brltty/Contraction/de-g1.ctb:mlang@delysid.org
/etc/brltty/Contraction/th.ctb:dave@mielke.cc
/etc/brltty/Contraction/en-us-g2.ctb:dave@mielke.cc
/etc/brltty/Contraction/en-us-g2.ctb:director@chpi.org
/etc/brltty/Contraction/mg.ctb:dave@mielke.cc
/etc/brltty/Contraction/en-ueb-g2.ctb:dave@mielke.cc
/etc/brltty/Contraction/en-ueb-g2.ctb:mick@kulgan.net
/etc/brltty/Contraction/ko.ctb:dave@mielke.cc
/etc/brltty/Contraction/ipa.ctb:dave@mielke.cc
/etc/brltty/Contraction/sw.ctb:dave@mielke.cc
/etc/brltty/Contraction/af.ctb:dave@mielke.cc
/etc/brltty/Contraction/de-g2.ctb:dave@mielke.cc
/etc/brltty/Contraction/id.ctb:dave@mielke.cc
/etc/brltty/Contraction/ko-g0.ctb:dave@mielke.cc
/etc/brltty/Contraction/countries.cti:dave@mielke.cc
/etc/brltty/Contraction/letters-latin.cti:dave@mielke.cc
/etc/brltty/Contraction/ny.ctb:dave@mielke.cc
/etc/brltty/Contraction/ha.ctb:dave@mielke.cc
/etc/brltty/Contraction/none.ctb:dave@mielke.cc
/etc/brltty/Contraction/zh-tw.cti:dave@mielke.cc
/etc/brltty/Contraction/zh-tw.cti:coscell@gmail.com
/etc/brltty/Contraction/latex-access.ctb:dave@mielke.cc
/etc/brltty/Attributes/left_right.atb:dave@mielke.cc
/etc/brltty/Attributes/invleft_right.atb:dave@mielke.cc
/etc/brltty/Attributes/upper_lower.atb:dave@mielke.cc
/etc/brltty/Keyboard/kp_speak.kti:dave@mielke.cc
/etc/brltty/Keyboard/desktop.ktb:dave@mielke.cc
/etc/brltty/Keyboard/sun_type6.ktb:dave@mielke.cc
/etc/brltty/Keyboard/desktop.kti:dave@mielke.cc
/etc/brltty/Keyboard/braille.ktb:dave@mielke.cc
/etc/brltty/Keyboard/keypad.ktb:dave@mielke.cc
/etc/brltty/Keyboard/braille.kti:dave@mielke.cc
/etc/brltty/Keyboard/kp_say.kti:dave@mielke.cc
/etc/brltty/Keyboard/laptop.ktb:dave@mielke.cc
/etc/update-motd.d/50-motd-news:kirkland@canonical.com
/etc/update-motd.d/50-motd-news:langasek@canonical.com
/etc/update-motd.d/00-header:kirkland@canonical.com
/etc/update-motd.d/10-help-text:kirkland@canonical.com
/etc/update-motd.d/10-help-text:brian@canonical.com
/etc/kernel/preinst.d/intel-microcode:hmh@debian.org
/etc/apt/apt.conf.d/50appstream:64x64@2.tar
/etc/apt/apt.conf.d/50appstream:128x128@2.tar
/etc/apt/apt.conf.d/50unattended-upgrades:user@example.com
/etc/emacs/site-start.d/50dictionaries-common.el:rafael@debian.org
/etc/emacs/site-start.d/50dictionaries-common.el:agmartin@debian.org
/etc/ssh/ssh_config:64@openssh.com
/etc/gdm3/config-error-dialog.sh:gunnarhj@ubuntu.com
/etc/X11/Xsession:x@lists.debian
/etc/X11/Xsession.d/70im-config_launch:osamu@debian.org
/etc/X11/Xsession.d/70im-config_launch:aron@debian.org
/etc/sane.d/avision.conf:mike@piratehaven.org
/etc/sane.d/dell1600n_net.conf:jon@jon.demon
/etc/profile.d/cedilla-portuguese.sh:gunnarhj@ubuntu.com
/etc/profile.d/Z99-cloud-locale-test.sh:howard@canonical.com
/etc/profile.d/Z99-cloud-locale-test.sh:moser@ubuntu.com
/etc/ppp/options:jmknoble@mercury.interpath
/etc/ppp/options:alvar@meiko.co
/etc/ppp/options:clameter@debian.org
/etc/wgetrc:username@site.domain
/etc/brltty.conf:dave@mielke.cc
/etc/apparmor.d/usr.sbin.cupsd:pitt@ubuntu.com
/etc/apparmor.d/usr.lib.snapd.snap-confine.real:jamie@canonical.com
/etc/apparmor.d/abstractions/wayland:intrigeri@boum.org
/etc/apparmor.d/abstractions/ubuntu-browsers.d/chromium-browser:jamie@canonical.com
/etc/cracklib/cracklib.conf:jplejacq@quoininc.com
/etc/cracklib/cracklib.conf:martin@piware.de
